// Jest Snapshot v1, https://goo.gl/fbAQLP

exports[`Pruebas en EditTaskScreen.tsx Debe de renderizarse correctamente 1`] = `
<DocumentFragment>
  <h1>
    Edit Task Screen
  </h1>
  <form
    novalidate=""
  >
    <div
      class="MuiGrid-root MuiGrid-container MuiGrid-spacing-xs-2 css-hvca0x-MuiGrid-root"
    >
      <div
        class="MuiGrid-root MuiGrid-item MuiGrid-grid-xs-6 MuiGrid-grid-sm-4 css-1xd74lj-MuiGrid-root"
      >
        <div
          class="MuiFormControl-root MuiFormControl-fullWidth MuiTextField-root css-wb57ya-MuiFormControl-root-MuiTextField-root"
        >
          <label
            class="MuiInputLabel-root MuiInputLabel-formControl MuiInputLabel-animated MuiInputLabel-shrink MuiInputLabel-filled MuiFormLabel-root MuiFormLabel-colorPrimary MuiFormLabel-filled Mui-required css-hum04-MuiFormLabel-root-MuiInputLabel-root"
            data-shrink="true"
            for=":r0:"
            id=":r0:-label"
          >
            Descripcion
            <span
              aria-hidden="true"
              class="MuiInputLabel-asterisk MuiFormLabel-asterisk css-125iqkp-MuiFormLabel-asterisk"
            >
              â€‰*
            </span>
          </label>
          <div
            class="MuiFilledInput-root MuiFilledInput-underline MuiInputBase-root MuiInputBase-colorPrimary MuiInputBase-fullWidth MuiInputBase-formControl css-43673x-MuiInputBase-root-MuiFilledInput-root"
          >
            <input
              aria-invalid="false"
              class="MuiFilledInput-input MuiInputBase-input css-1rv476z-MuiInputBase-input-MuiFilledInput-input"
              id=":r0:"
              name="descripcion"
              required=""
              type="text"
              value="descripcion 1"
            />
          </div>
        </div>
      </div>
      <div
        class="MuiGrid-root MuiGrid-item MuiGrid-grid-xs-6 MuiGrid-grid-sm-4 css-1xd74lj-MuiGrid-root"
      >
        <div
          class="MuiFormControl-root MuiFormControl-fullWidth MuiTextField-root css-wb57ya-MuiFormControl-root-MuiTextField-root"
        >
          <label
            class="MuiInputLabel-root MuiInputLabel-formControl MuiInputLabel-animated MuiInputLabel-shrink MuiInputLabel-filled MuiFormLabel-root MuiFormLabel-colorPrimary MuiFormLabel-filled css-hum04-MuiFormLabel-root-MuiInputLabel-root"
            data-shrink="true"
            for=":r1:"
            id=":r1:-label"
          >
            Fecha de Creacion
          </label>
          <div
            class="MuiFilledInput-root MuiFilledInput-underline MuiInputBase-root MuiInputBase-colorPrimary MuiInputBase-fullWidth MuiInputBase-formControl css-43673x-MuiInputBase-root-MuiFilledInput-root"
          >
            <input
              aria-invalid="false"
              aria-label="Choose date, selected date is Jun 24, 2022"
              aria-readonly="true"
              class="MuiFilledInput-input MuiInputBase-input css-1rv476z-MuiInputBase-input-MuiFilledInput-input"
              id=":r1:"
              name="fechaCreacion"
              readonly=""
              type="text"
              value="06/24/2022 03:59 PM"
            />
          </div>
        </div>
      </div>
      <div
        class="MuiGrid-root MuiGrid-item MuiGrid-grid-xs-6 MuiGrid-grid-sm-4 css-1xd74lj-MuiGrid-root"
      >
        <label
          class="MuiFormControlLabel-root MuiFormControlLabel-labelPlacementEnd css-jzcd7z-MuiFormControlLabel-root"
        >
          <span
            class="MuiCheckbox-root MuiCheckbox-colorPrimary MuiButtonBase-root MuiCheckbox-root MuiCheckbox-colorPrimary PrivateSwitchBase-root Mui-checked css-1e6ud36-MuiButtonBase-root-MuiCheckbox-root"
          >
            <input
              checked=""
              class="PrivateSwitchBase-input css-1m9pwf3"
              data-indeterminate="false"
              name="vigente"
              type="checkbox"
            />
            <svg
              aria-hidden="true"
              class="MuiSvgIcon-root MuiSvgIcon-fontSizeMedium css-i4bv87-MuiSvgIcon-root"
              data-testid="CheckBoxIcon"
              focusable="false"
              viewBox="0 0 24 24"
            >
              <path
                d="M19 3H5c-1.11 0-2 .9-2 2v14c0 1.1.89 2 2 2h14c1.11 0 2-.9 2-2V5c0-1.1-.89-2-2-2zm-9 14l-5-5 1.41-1.41L10 14.17l7.59-7.59L19 8l-9 9z"
              />
            </svg>
            <span
              class="MuiTouchRipple-root css-8je8zh-MuiTouchRipple-root"
            />
          </span>
          <span
            class="MuiTypography-root MuiTypography-body1 MuiFormControlLabel-label css-ahj2mt-MuiTypography-root"
          >
            Vigente
          </span>
        </label>
      </div>
    </div>
    <div
      class="MuiBox-root css-144iql5"
    >
      <button
        class="MuiButton-root MuiButton-text MuiButton-textPrimary MuiButton-sizeLarge MuiButton-textSizeLarge MuiButtonBase-root circular-btn css-f5p02u-MuiButtonBase-root-MuiButton-root"
        tabindex="0"
        type="button"
      >
        Volver
        <span
          class="MuiTouchRipple-root css-8je8zh-MuiTouchRipple-root"
        />
      </button>
      <button
        class="MuiButton-root MuiButton-text MuiButton-textPrimary MuiButton-sizeLarge MuiButton-textSizeLarge MuiButtonBase-root circular-btn css-f5p02u-MuiButtonBase-root-MuiButton-root"
        tabindex="0"
        type="submit"
      >
        Actualizar Tarea
        <span
          class="MuiTouchRipple-root css-8je8zh-MuiTouchRipple-root"
        />
      </button>
    </div>
  </form>
</DocumentFragment>
`;
